
  .   ____          _            __ _ _
 /\\ / ___'_ __ _ _(_)_ __  __ _ \ \ \ \
( ( )\___ | '_ | '_| | '_ \/ _` | \ \ \ \
 \\/  ___)| |_)| | | | | || (_| |  ) ) ) )
  '  |____| .__|_| |_|_| |_\__, | / / / /
 =========|_|==============|___/=/_/_/_/
 :: Spring Boot ::               (v3.2.10)

2025-07-27 01:43:18.448 [main] INFO  com.wtf.app.WaTgFbSeleniumFreelancerAppV2Application - Starting WaTgFbSeleniumFreelancerAppV2Application v0.0.1-SNAPSHOT using Java 24.0.1 with PID 2928 (D:\Eclipse-workspace\WA_TG_FB_SeleniumFreelancerAppV2\target\WA_TG_FB_SeleniumFreelancerAppV2-0.0.1-SNAPSHOT.jar started by Manas in D:\Eclipse-workspace\WA_TG_FB_SeleniumFreelancerAppV2)
2025-07-27 01:43:18.460 [main] DEBUG com.wtf.app.WaTgFbSeleniumFreelancerAppV2Application - Running with Spring Boot v3.2.10, Spring v6.1.13
2025-07-27 01:43:18.460 [main] INFO  com.wtf.app.WaTgFbSeleniumFreelancerAppV2Application - The following 1 profile is active: "dev"
WARNING: A restricted method in java.lang.System has been called
WARNING: java.lang.System::load has been called by org.apache.tomcat.jni.Library in an unnamed module (jar:nested:/D:/Eclipse-workspace/WA_TG_FB_SeleniumFreelancerAppV2/target/WA_TG_FB_SeleniumFreelancerAppV2-0.0.1-SNAPSHOT.jar/!BOOT-INF/lib/tomcat-embed-core-10.1.30.jar!/)
WARNING: Use --enable-native-access=ALL-UNNAMED to avoid a warning for callers in this module
WARNING: Restricted methods will be blocked in a future release unless native access is enabled

2025-07-27 01:43:21.768 [main] INFO  org.apache.coyote.http11.Http11NioProtocol - Initializing ProtocolHandler ["http-nio-8082"]
2025-07-27 01:43:21.775 [main] INFO  org.apache.catalina.core.StandardService - Starting service [Tomcat]
2025-07-27 01:43:21.775 [main] INFO  org.apache.catalina.core.StandardEngine - Starting Servlet engine: [Apache Tomcat/10.1.30]
2025-07-27 01:43:21.836 [main] INFO  org.apache.catalina.core.ContainerBase.[Tomcat].[localhost].[/] - Initializing Spring embedded WebApplicationContext
2025-07-27 01:43:21.951 [main] DEBUG com.wtf.app.config.RequestContextFilter - Filter 'requestContextFilter' configured for use
WARNING: A terminally deprecated method in sun.misc.Unsafe has been called
WARNING: sun.misc.Unsafe::allocateMemory has been called by io.netty.util.internal.PlatformDependent0$2 (jar:nested:/D:/Eclipse-workspace/WA_TG_FB_SeleniumFreelancerAppV2/target/WA_TG_FB_SeleniumFreelancerAppV2-0.0.1-SNAPSHOT.jar/!BOOT-INF/lib/netty-common-4.1.113.Final.jar!/)
WARNING: Please consider reporting this to the maintainers of class io.netty.util.internal.PlatformDependent0$2
WARNING: sun.misc.Unsafe::allocateMemory will be removed in a future release
2025-07-27 01:43:22.305 [main] INFO  org.apache.coyote.http11.Http11NioProtocol - Starting ProtocolHandler ["http-nio-8082"]
2025-07-27 01:43:22.758 [main] INFO  com.wtf.app.WaTgFbSeleniumFreelancerAppV2Application - Started WaTgFbSeleniumFreelancerAppV2Application in 5.21 seconds (process running for 7.56)
2025-07-27 01:43:22.766 [main] INFO  com.wtf.app.model.config.BrowserLauncher - Attempting to launch browser...
2025-07-27 01:43:22.770 [main] INFO  com.wtf.app.model.config.BrowserLauncher - Java AWT Headless: true
2025-07-27 01:43:22.771 [main] INFO  com.wtf.app.model.config.BrowserLauncher - OS: Windows 11
2025-07-27 01:43:22.771 [main] INFO  com.wtf.app.model.config.BrowserLauncher - Using Windows start command to open browser
2025-07-27 01:43:22.771 [main] INFO  com.wtf.app.model.config.BrowserLauncher - Executing command: cmd /c start "" "http://localhost:8082/api-dashboard.html"
2025-07-27 01:43:23.178 [http-nio-8082-exec-1] INFO  org.apache.catalina.core.ContainerBase.[Tomcat].[localhost].[/] - Initializing Spring DispatcherServlet 'dispatcherServlet'
2025-07-27 01:43:23.178 [http-nio-8082-exec-1] INFO  org.springframework.web.servlet.DispatcherServlet - Initializing Servlet 'dispatcherServlet'
2025-07-27 01:43:23.420 [http-nio-8082-exec-1] INFO  org.springframework.web.servlet.DispatcherServlet - Completed initialization in 242 ms
2025-07-27 01:43:23.432 [http-nio-8082-exec-1] DEBUG com.wtf.app.context.RequestContext - ApplicationContext set for RequestContext
2025-07-27 01:43:23.510 [http-nio-8082-exec-1] DEBUG com.wtf.app.context.RequestContext - Cleared all attributes from RequestContext
2025-07-27 01:43:23.510 [http-nio-8082-exec-1] DEBUG com.wtf.app.context.RequestContext - Cleared all attributes from RequestContext
2025-07-27 01:43:23.874 [main] INFO  com.wtf.app.model.config.BrowserLauncher - Trying platform-specific fallback for OS: windows 11
2025-07-27 01:43:23.883 [main] INFO  com.wtf.app.model.config.BrowserLauncher - Launched browser using rundll32
2025-07-27 01:43:24.073 [http-nio-8082-exec-2] DEBUG com.wtf.app.context.RequestContext - Cleared all attributes from RequestContext
2025-07-27 01:43:24.073 [http-nio-8082-exec-2] DEBUG com.wtf.app.context.RequestContext - Cleared all attributes from RequestContext
2025-07-27 01:44:01.426 [http-nio-8082-exec-3] ERROR com.wtf.app.exception.GlobalExceptionHandler - Runtime error: Error creating bean with name 'whatsappController' defined in URL [jar:nested:/D:/Eclipse-workspace/WA_TG_FB_SeleniumFreelancerAppV2/target/WA_TG_FB_SeleniumFreelancerAppV2-0.0.1-SNAPSHOT.jar/!BOOT-INF/classes/!/com/wtf/app/controller/WhatsappController.class]: Unsatisfied dependency expressed through constructor parameter 0: Error creating bean with name 'whatsappFetchAllWAContactsGroupNamesJoinLinksStarter' defined in URL [jar:nested:/D:/Eclipse-workspace/WA_TG_FB_SeleniumFreelancerAppV2/target/WA_TG_FB_SeleniumFreelancerAppV2-0.0.1-SNAPSHOT.jar/!BOOT-INF/classes/!/com/wtf/app/service/impls/starter/service/whatsApp/WhatsappFetchAllWAContactsGroupNamesJoinLinksStarter.class]: Unsatisfied dependency expressed through constructor parameter 2: No qualifying bean of type 'org.openqa.selenium.WebDriver' available: more than one 'primary' bean found among candidates: [chromeDriver, webDriver, backgroundWebDriver, waDriver, tgDriver, fbDriver, headlessDriver]
org.springframework.beans.factory.UnsatisfiedDependencyException: Error creating bean with name 'whatsappController' defined in URL [jar:nested:/D:/Eclipse-workspace/WA_TG_FB_SeleniumFreelancerAppV2/target/WA_TG_FB_SeleniumFreelancerAppV2-0.0.1-SNAPSHOT.jar/!BOOT-INF/classes/!/com/wtf/app/controller/WhatsappController.class]: Unsatisfied dependency expressed through constructor parameter 0: Error creating bean with name 'whatsappFetchAllWAContactsGroupNamesJoinLinksStarter' defined in URL [jar:nested:/D:/Eclipse-workspace/WA_TG_FB_SeleniumFreelancerAppV2/target/WA_TG_FB_SeleniumFreelancerAppV2-0.0.1-SNAPSHOT.jar/!BOOT-INF/classes/!/com/wtf/app/service/impls/starter/service/whatsApp/WhatsappFetchAllWAContactsGroupNamesJoinLinksStarter.class]: Unsatisfied dependency expressed through constructor parameter 2: No qualifying bean of type 'org.openqa.selenium.WebDriver' available: more than one 'primary' bean found among candidates: [chromeDriver, webDriver, backgroundWebDriver, waDriver, tgDriver, fbDriver, headlessDriver]
	at org.springframework.beans.factory.support.ConstructorResolver.createArgumentArray(ConstructorResolver.java:795) ~[spring-beans-6.1.13.jar!/:6.1.13]
	at org.springframework.beans.factory.support.ConstructorResolver.autowireConstructor(ConstructorResolver.java:237) ~[spring-beans-6.1.13.jar!/:6.1.13]
	at org.springframework.beans.factory.support.AbstractAutowireCapableBeanFactory.autowireConstructor(AbstractAutowireCapableBeanFactory.java:1375) ~[spring-beans-6.1.13.jar!/:6.1.13]
	at org.springframework.beans.factory.support.AbstractAutowireCapableBeanFactory.createBeanInstance(AbstractAutowireCapableBeanFactory.java:1212) ~[spring-beans-6.1.13.jar!/:6.1.13]
	at org.springframework.beans.factory.support.AbstractAutowireCapableBeanFactory.doCreateBean(AbstractAutowireCapableBeanFactory.java:562) ~[spring-beans-6.1.13.jar!/:6.1.13]
	at org.springframework.beans.factory.support.AbstractAutowireCapableBeanFactory.createBean(AbstractAutowireCapableBeanFactory.java:522) ~[spring-beans-6.1.13.jar!/:6.1.13]
	at org.springframework.beans.factory.support.AbstractBeanFactory.lambda$doGetBean$0(AbstractBeanFactory.java:337) ~[spring-beans-6.1.13.jar!/:6.1.13]
	at org.springframework.beans.factory.support.DefaultSingletonBeanRegistry.getSingleton(DefaultSingletonBeanRegistry.java:234) ~[spring-beans-6.1.13.jar!/:6.1.13]
	at org.springframework.beans.factory.support.AbstractBeanFactory.doGetBean(AbstractBeanFactory.java:335) ~[spring-beans-6.1.13.jar!/:6.1.13]
	at org.springframework.beans.factory.support.AbstractBeanFactory.getBean(AbstractBeanFactory.java:200) ~[spring-beans-6.1.13.jar!/:6.1.13]
	at org.springframework.web.method.HandlerMethod.createWithResolvedBean(HandlerMethod.java:327) ~[spring-web-6.1.13.jar!/:6.1.13]
	at org.springframework.web.servlet.handler.AbstractHandlerMethodMapping.getHandlerInternal(AbstractHandlerMethodMapping.java:383) ~[spring-webmvc-6.1.13.jar!/:6.1.13]
	at org.springframework.web.servlet.mvc.method.RequestMappingInfoHandlerMapping.getHandlerInternal(RequestMappingInfoHandlerMapping.java:127) ~[spring-webmvc-6.1.13.jar!/:6.1.13]
	at org.springframework.web.servlet.mvc.method.RequestMappingInfoHandlerMapping.getHandlerInternal(RequestMappingInfoHandlerMapping.java:68) ~[spring-webmvc-6.1.13.jar!/:6.1.13]
	at org.springframework.web.servlet.handler.AbstractHandlerMapping.getHandler(AbstractHandlerMapping.java:507) ~[spring-webmvc-6.1.13.jar!/:6.1.13]
	at org.springframework.web.servlet.DispatcherServlet.getHandler(DispatcherServlet.java:1284) [spring-webmvc-6.1.13.jar!/:6.1.13]
	at org.springframework.web.servlet.DispatcherServlet.doDispatch(DispatcherServlet.java:1065) [spring-webmvc-6.1.13.jar!/:6.1.13]
	at org.springframework.web.servlet.DispatcherServlet.doService(DispatcherServlet.java:979) [spring-webmvc-6.1.13.jar!/:6.1.13]
	at org.springframework.web.servlet.FrameworkServlet.processRequest(FrameworkServlet.java:1014) [spring-webmvc-6.1.13.jar!/:6.1.13]
	at org.springframework.web.servlet.FrameworkServlet.doGet(FrameworkServlet.java:903) [spring-webmvc-6.1.13.jar!/:6.1.13]
	at jakarta.servlet.http.HttpServlet.service(HttpServlet.java:564) [tomcat-embed-core-10.1.30.jar!/:6.0.0]
	at org.springframework.web.servlet.FrameworkServlet.service(FrameworkServlet.java:885) [spring-webmvc-6.1.13.jar!/:6.1.13]
	at jakarta.servlet.http.HttpServlet.service(HttpServlet.java:658) [tomcat-embed-core-10.1.30.jar!/:6.0.0]
	at org.apache.catalina.core.ApplicationFilterChain.internalDoFilter(ApplicationFilterChain.java:195) [tomcat-embed-core-10.1.30.jar!/:?]
	at org.apache.catalina.core.ApplicationFilterChain.doFilter(ApplicationFilterChain.java:140) [tomcat-embed-core-10.1.30.jar!/:?]
	at org.apache.tomcat.websocket.server.WsFilter.doFilter(WsFilter.java:51) [tomcat-embed-websocket-10.1.30.jar!/:?]
	at org.apache.catalina.core.ApplicationFilterChain.internalDoFilter(ApplicationFilterChain.java:164) [tomcat-embed-core-10.1.30.jar!/:?]
	at org.apache.catalina.core.ApplicationFilterChain.doFilter(ApplicationFilterChain.java:140) [tomcat-embed-core-10.1.30.jar!/:?]
	at com.wtf.app.filter.RequestContextFilter.doFilter(RequestContextFilter.java:50) [!/:0.0.1-SNAPSHOT]
	at org.apache.catalina.core.ApplicationFilterChain.internalDoFilter(ApplicationFilterChain.java:164) [tomcat-embed-core-10.1.30.jar!/:?]
	at org.apache.catalina.core.ApplicationFilterChain.doFilter(ApplicationFilterChain.java:140) [tomcat-embed-core-10.1.30.jar!/:?]
	at com.wtf.app.config.RequestContextFilter.doFilterInternal(RequestContextFilter.java:41) [!/:0.0.1-SNAPSHOT]
	at org.springframework.web.filter.OncePerRequestFilter.doFilter(OncePerRequestFilter.java:116) [spring-web-6.1.13.jar!/:6.1.13]
	at org.apache.catalina.core.ApplicationFilterChain.internalDoFilter(ApplicationFilterChain.java:164) [tomcat-embed-core-10.1.30.jar!/:?]
	at org.apache.catalina.core.ApplicationFilterChain.doFilter(ApplicationFilterChain.java:140) [tomcat-embed-core-10.1.30.jar!/:?]
	at org.springframework.web.filter.FormContentFilter.doFilterInternal(FormContentFilter.java:93) [spring-web-6.1.13.jar!/:6.1.13]
	at org.springframework.web.filter.OncePerRequestFilter.doFilter(OncePerRequestFilter.java:116) [spring-web-6.1.13.jar!/:6.1.13]
	at org.apache.catalina.core.ApplicationFilterChain.internalDoFilter(ApplicationFilterChain.java:164) [tomcat-embed-core-10.1.30.jar!/:?]
	at org.apache.catalina.core.ApplicationFilterChain.doFilter(ApplicationFilterChain.java:140) [tomcat-embed-core-10.1.30.jar!/:?]
	at org.springframework.web.filter.CharacterEncodingFilter.doFilterInternal(CharacterEncodingFilter.java:201) [spring-web-6.1.13.jar!/:6.1.13]
	at org.springframework.web.filter.OncePerRequestFilter.doFilter(OncePerRequestFilter.java:116) [spring-web-6.1.13.jar!/:6.1.13]
	at org.apache.catalina.core.ApplicationFilterChain.internalDoFilter(ApplicationFilterChain.java:164) [tomcat-embed-core-10.1.30.jar!/:?]
	at org.apache.catalina.core.ApplicationFilterChain.doFilter(ApplicationFilterChain.java:140) [tomcat-embed-core-10.1.30.jar!/:?]
	at org.apache.catalina.core.StandardWrapperValve.invoke(StandardWrapperValve.java:167) [tomcat-embed-core-10.1.30.jar!/:?]
	at org.apache.catalina.core.StandardContextValve.invoke(StandardContextValve.java:90) [tomcat-embed-core-10.1.30.jar!/:?]
	at org.apache.catalina.authenticator.AuthenticatorBase.invoke(AuthenticatorBase.java:483) [tomcat-embed-core-10.1.30.jar!/:?]
	at org.apache.catalina.core.StandardHostValve.invoke(StandardHostValve.java:115) [tomcat-embed-core-10.1.30.jar!/:?]
	at org.apache.catalina.valves.ErrorReportValve.invoke(ErrorReportValve.java:93) [tomcat-embed-core-10.1.30.jar!/:?]
	at org.apache.catalina.core.StandardEngineValve.invoke(StandardEngineValve.java:74) [tomcat-embed-core-10.1.30.jar!/:?]
	at org.apache.catalina.connector.CoyoteAdapter.service(CoyoteAdapter.java:344) [tomcat-embed-core-10.1.30.jar!/:?]
	at org.apache.coyote.http11.Http11Processor.service(Http11Processor.java:384) [tomcat-embed-core-10.1.30.jar!/:?]
	at org.apache.coyote.AbstractProcessorLight.process(AbstractProcessorLight.java:63) [tomcat-embed-core-10.1.30.jar!/:?]
	at org.apache.coyote.AbstractProtocol$ConnectionHandler.process(AbstractProtocol.java:905) [tomcat-embed-core-10.1.30.jar!/:?]
	at org.apache.tomcat.util.net.NioEndpoint$SocketProcessor.doRun(NioEndpoint.java:1741) [tomcat-embed-core-10.1.30.jar!/:?]
	at org.apache.tomcat.util.net.SocketProcessorBase.run(SocketProcessorBase.java:52) [tomcat-embed-core-10.1.30.jar!/:?]
	at org.apache.tomcat.util.threads.ThreadPoolExecutor.runWorker(ThreadPoolExecutor.java:1190) [tomcat-embed-core-10.1.30.jar!/:?]
	at org.apache.tomcat.util.threads.ThreadPoolExecutor$Worker.run(ThreadPoolExecutor.java:659) [tomcat-embed-core-10.1.30.jar!/:?]
	at org.apache.tomcat.util.threads.TaskThread$WrappingRunnable.run(TaskThread.java:63) [tomcat-embed-core-10.1.30.jar!/:?]
	at java.base/java.lang.Thread.run(Thread.java:1447) [?:?]
Caused by: org.springframework.beans.factory.UnsatisfiedDependencyException: Error creating bean with name 'whatsappFetchAllWAContactsGroupNamesJoinLinksStarter' defined in URL [jar:nested:/D:/Eclipse-workspace/WA_TG_FB_SeleniumFreelancerAppV2/target/WA_TG_FB_SeleniumFreelancerAppV2-0.0.1-SNAPSHOT.jar/!BOOT-INF/classes/!/com/wtf/app/service/impls/starter/service/whatsApp/WhatsappFetchAllWAContactsGroupNamesJoinLinksStarter.class]: Unsatisfied dependency expressed through constructor parameter 2: No qualifying bean of type 'org.openqa.selenium.WebDriver' available: more than one 'primary' bean found among candidates: [chromeDriver, webDriver, backgroundWebDriver, waDriver, tgDriver, fbDriver, headlessDriver]
	at org.springframework.beans.factory.support.ConstructorResolver.createArgumentArray(ConstructorResolver.java:795) ~[spring-beans-6.1.13.jar!/:6.1.13]
	at org.springframework.beans.factory.support.ConstructorResolver.autowireConstructor(ConstructorResolver.java:237) ~[spring-beans-6.1.13.jar!/:6.1.13]
	at org.springframework.beans.factory.support.AbstractAutowireCapableBeanFactory.autowireConstructor(AbstractAutowireCapableBeanFactory.java:1375) ~[spring-beans-6.1.13.jar!/:6.1.13]
	at org.springframework.beans.factory.support.AbstractAutowireCapableBeanFactory.createBeanInstance(AbstractAutowireCapableBeanFactory.java:1212) ~[spring-beans-6.1.13.jar!/:6.1.13]
	at org.springframework.beans.factory.support.AbstractAutowireCapableBeanFactory.doCreateBean(AbstractAutowireCapableBeanFactory.java:562) ~[spring-beans-6.1.13.jar!/:6.1.13]
	at org.springframework.beans.factory.support.AbstractAutowireCapableBeanFactory.createBean(AbstractAutowireCapableBeanFactory.java:522) ~[spring-beans-6.1.13.jar!/:6.1.13]
	at org.springframework.beans.factory.support.AbstractBeanFactory.lambda$doGetBean$0(AbstractBeanFactory.java:337) ~[spring-beans-6.1.13.jar!/:6.1.13]
	at org.springframework.beans.factory.support.DefaultSingletonBeanRegistry.getSingleton(DefaultSingletonBeanRegistry.java:234) ~[spring-beans-6.1.13.jar!/:6.1.13]
	at org.springframework.beans.factory.support.AbstractBeanFactory.doGetBean(AbstractBeanFactory.java:335) ~[spring-beans-6.1.13.jar!/:6.1.13]
	at org.springframework.beans.factory.support.AbstractBeanFactory.getBean(AbstractBeanFactory.java:200) ~[spring-beans-6.1.13.jar!/:6.1.13]
	at org.springframework.beans.factory.config.DependencyDescriptor.resolveCandidate(DependencyDescriptor.java:254) ~[spring-beans-6.1.13.jar!/:6.1.13]
	at org.springframework.beans.factory.support.DefaultListableBeanFactory.doResolveDependency(DefaultListableBeanFactory.java:1443) ~[spring-beans-6.1.13.jar!/:6.1.13]
	at org.springframework.beans.factory.support.DefaultListableBeanFactory.resolveDependency(DefaultListableBeanFactory.java:1353) ~[spring-beans-6.1.13.jar!/:6.1.13]
	at org.springframework.beans.factory.support.ConstructorResolver.resolveAutowiredArgument(ConstructorResolver.java:904) ~[spring-beans-6.1.13.jar!/:6.1.13]
	at org.springframework.beans.factory.support.ConstructorResolver.createArgumentArray(ConstructorResolver.java:782) ~[spring-beans-6.1.13.jar!/:6.1.13]
	... 58 more
Caused by: org.springframework.beans.factory.NoUniqueBeanDefinitionException: No qualifying bean of type 'org.openqa.selenium.WebDriver' available: more than one 'primary' bean found among candidates: [chromeDriver, webDriver, backgroundWebDriver, waDriver, tgDriver, fbDriver, headlessDriver]
	at org.springframework.beans.factory.support.DefaultListableBeanFactory.determinePrimaryCandidate(DefaultListableBeanFactory.java:1755) ~[spring-beans-6.1.13.jar!/:6.1.13]
	at org.springframework.beans.factory.support.DefaultListableBeanFactory.determineAutowireCandidate(DefaultListableBeanFactory.java:1715) ~[spring-beans-6.1.13.jar!/:6.1.13]
	at org.springframework.beans.factory.support.DefaultListableBeanFactory.doResolveDependency(DefaultListableBeanFactory.java:1416) ~[spring-beans-6.1.13.jar!/:6.1.13]
	at org.springframework.beans.factory.support.DefaultListableBeanFactory.resolveDependency(DefaultListableBeanFactory.java:1353) ~[spring-beans-6.1.13.jar!/:6.1.13]
	at org.springframework.beans.factory.support.ConstructorResolver.resolveAutowiredArgument(ConstructorResolver.java:904) ~[spring-beans-6.1.13.jar!/:6.1.13]
	at org.springframework.beans.factory.support.ConstructorResolver.createArgumentArray(ConstructorResolver.java:782) ~[spring-beans-6.1.13.jar!/:6.1.13]
	at org.springframework.beans.factory.support.ConstructorResolver.autowireConstructor(ConstructorResolver.java:237) ~[spring-beans-6.1.13.jar!/:6.1.13]
	at org.springframework.beans.factory.support.AbstractAutowireCapableBeanFactory.autowireConstructor(AbstractAutowireCapableBeanFactory.java:1375) ~[spring-beans-6.1.13.jar!/:6.1.13]
	at org.springframework.beans.factory.support.AbstractAutowireCapableBeanFactory.createBeanInstance(AbstractAutowireCapableBeanFactory.java:1212) ~[spring-beans-6.1.13.jar!/:6.1.13]
	at org.springframework.beans.factory.support.AbstractAutowireCapableBeanFactory.doCreateBean(AbstractAutowireCapableBeanFactory.java:562) ~[spring-beans-6.1.13.jar!/:6.1.13]
	at org.springframework.beans.factory.support.AbstractAutowireCapableBeanFactory.createBean(AbstractAutowireCapableBeanFactory.java:522) ~[spring-beans-6.1.13.jar!/:6.1.13]
	at org.springframework.beans.factory.support.AbstractBeanFactory.lambda$doGetBean$0(AbstractBeanFactory.java:337) ~[spring-beans-6.1.13.jar!/:6.1.13]
	at org.springframework.beans.factory.support.DefaultSingletonBeanRegistry.getSingleton(DefaultSingletonBeanRegistry.java:234) ~[spring-beans-6.1.13.jar!/:6.1.13]
	at org.springframework.beans.factory.support.AbstractBeanFactory.doGetBean(AbstractBeanFactory.java:335) ~[spring-beans-6.1.13.jar!/:6.1.13]
	at org.springframework.beans.factory.support.AbstractBeanFactory.getBean(AbstractBeanFactory.java:200) ~[spring-beans-6.1.13.jar!/:6.1.13]
	at org.springframework.beans.factory.config.DependencyDescriptor.resolveCandidate(DependencyDescriptor.java:254) ~[spring-beans-6.1.13.jar!/:6.1.13]
	at org.springframework.beans.factory.support.DefaultListableBeanFactory.doResolveDependency(DefaultListableBeanFactory.java:1443) ~[spring-beans-6.1.13.jar!/:6.1.13]
	at org.springframework.beans.factory.support.DefaultListableBeanFactory.resolveDependency(DefaultListableBeanFactory.java:1353) ~[spring-beans-6.1.13.jar!/:6.1.13]
	at org.springframework.beans.factory.support.ConstructorResolver.resolveAutowiredArgument(ConstructorResolver.java:904) ~[spring-beans-6.1.13.jar!/:6.1.13]
	at org.springframework.beans.factory.support.ConstructorResolver.createArgumentArray(ConstructorResolver.java:782) ~[spring-beans-6.1.13.jar!/:6.1.13]
	... 58 more
2025-07-27 01:44:01.525 [http-nio-8082-exec-3] DEBUG com.wtf.app.context.RequestContext - Cleared all attributes from RequestContext
2025-07-27 01:44:01.525 [http-nio-8082-exec-3] DEBUG com.wtf.app.context.RequestContext - Cleared all attributes from RequestContext
